// Jest Snapshot v1, https://goo.gl/fbAQLP

exports[`Header should match the snapshot 1`] = `
<header>
  <button
    onClick={[Function]}
    type="button"
  >
    Change to 
    light
  </button>
</header>
`;
