// Jest Snapshot v1, https://goo.gl/fbAQLP

exports[`App should match the snapshot 1`] = `
<ThemeProvider
  theme={
    Object {
      "primary": "#222",
      "secondary": "#CCC",
    }
  }
>
  <styled.div>
    <GlobalStyleComponent />
    <Header />
    <Switch>
      <Route
        component={[Function]}
        exact={true}
        path="/"
      />
      <Route
        component={[Function]}
        path="*"
      />
    </Switch>
  </styled.div>
</ThemeProvider>
`;
